══ Building ════════════════════════════════════════════════════════════════════
Setting env vars:
• CFLAGS    : -Wall -pedantic
• CXXFLAGS  : -Wall -pedantic
• CXX11FLAGS: -Wall -pedantic
• CXX14FLAGS: -Wall -pedantic
• CXX17FLAGS: -Wall -pedantic
• CXX20FLAGS: -Wall -pedantic
── R CMD build ─────────────────────────────────────────────────────────────────
* checking for file ‘/Users/howard/workspace/dwhr/DESCRIPTION’ ... OK
* preparing ‘dwhr’:
* checking DESCRIPTION meta-information ... OK
* checking for LF line-endings in source and make files and shell scripts
* checking for empty or unneeded directories
Omitted ‘LazyData’ from DESCRIPTION
* building ‘dwhr_1.6.2.tar.gz’

══ Checking ════════════════════════════════════════════════════════════════════
Setting env vars:
• _R_CHECK_CRAN_INCOMING_REMOTE_               : FALSE
• _R_CHECK_CRAN_INCOMING_                      : FALSE
• _R_CHECK_FORCE_SUGGESTS_                     : FALSE
• _R_CHECK_PACKAGES_USED_IGNORE_UNUSED_IMPORTS_: FALSE
• NOT_CRAN                                     : true
── R CMD check ─────────────────────────────────────────────────────────────────
* using log directory ‘/private/var/folders/vn/f43bj8tx7f9377mx6b6fcv9c0000gn/T/RtmpUSswPF/file55225439f73e/dwhr.Rcheck’
* using R version 4.5.3 (2026-03-11)
* using platform: aarch64-apple-darwin20
* R was compiled by
    Apple clang version 16.0.0 (clang-1600.0.26.6)
    GNU Fortran (GCC) 14.2.0
* running under: macOS Sequoia 15.7.3
* using session charset: UTF-8
* using options ‘--no-manual --as-cran’
* checking for file ‘dwhr/DESCRIPTION’ ... OK
* checking extension type ... Package
* this is package ‘dwhr’ version ‘1.6.2’
* package encoding: UTF-8
* checking package namespace information ... OK
* checking package dependencies ... OK
* checking if this is a source package ... OK
* checking if there is a namespace ... OK
* checking for executable files ... OK
* checking for hidden files and directories ... OK
* checking for portable file names ... OK
* checking for sufficient/correct file permissions ... OK
* checking whether package ‘dwhr’ can be installed ... OK
* checking installed package size ... OK
* checking package directory ... OK
* checking for future file timestamps ... OK
* checking DESCRIPTION meta-information ... OK
* checking top-level files ... OK
* checking for left-over files ... OK
* checking index information ... OK
* checking package subdirectories ... OK
* checking code files for non-ASCII characters ... OK
* checking R files for syntax errors ... OK
* checking whether the package can be loaded ... OK
* checking whether the package can be loaded with stated dependencies ... OK
* checking whether the package can be unloaded cleanly ... OK
* checking whether the namespace can be loaded with stated dependencies ... OK
* checking whether the namespace can be unloaded cleanly ... OK
* checking dependencies in R code ... WARNING
'::' or ':::' imports not declared from:
  ‘RColorBrewer’ ‘htmltools’ ‘htmlwidgets’ ‘jsonlite’
'library' or 'require' call not declared from: ‘sparkline’
'library' or 'require' call to ‘sparkline’ in package code.
  Please use :: or requireNamespace() instead.
  See section 'Suggested packages' in the 'Writing R Extensions' manual.
Namespaces in Imports field not imported from:
  ‘shinyjqui’ ‘sparkline’
  All declared Imports should be used.
':::' call which should be '::': ‘htmlwidgets:::getDependency’
  See the note in ?`:::` about the use of this operator.
Unexported object imported by a ':::' call: ‘shiny:::resolve’
  See the note in ?`:::` about the use of this operator.
* checking S3 generic/method consistency ... OK
* checking replacement functions ... OK
* checking foreign function calls ... OK
* checking R code for possible problems ... NOTE
.setViewColumn: no visible binding for global variable ‘glob.env’
addDimView: no visible global function definition for ‘head’
addPresentation: no visible binding for global variable ‘glob.env’
authenticate: no visible global function definition for ‘observeEvent’
authenticate: no visible global function definition for
  ‘parseQueryString’
cacheFind: no visible binding for global variable ‘glob.env’
checkVersion: no visible global function definition for
  ‘packageVersion’
dwhrMerge: no visible global function definition for ‘copy’
dwhrMerge: no visible global function definition for ‘rbindlist’
getCacheFile: no visible binding for global variable ‘glob.env’
getColors: no visible global function definition for ‘colorRampPalette’
getFacts: no visible binding for global variable ‘glob.env’
getFacts: no visible global function definition for ‘read.csv’
getMembers: no visible binding for global variable ‘level0Label’
getMembers: no visible global function definition for ‘data.table’
getMembers: no visible binding for global variable ‘glob.env’
getReportName: no visible binding for global variable ‘glob.env’
getSelected: no visible global function definition for ‘data.table’
initGlob: no visible global function definition for ‘as.data.table’
initGlob: no visible global function definition for ‘read.csv’
initGlob: no visible global function definition for ‘data.table’
isColor: no visible global function definition for ‘col2rgb’
makeDtWidget: no visible global function definition for ‘%>%’
makeHcWidget: no visible global function definition for ‘%>%’
new.star: no visible global function definition for ‘setDT’
portalUrl: no visible binding for global variable ‘glob.env’
prepDt: no visible global function definition for ‘data.table’
printDebug: no visible binding for global variable ‘glob.env’
renderDataTableDim: no visible global function definition for
  ‘reactiveValues’
renderDateRangeDim: no visible global function definition for
  ‘reactive’
renderDateRangeDim: no visible global function definition for ‘%>%’
renderDims : <local>: no visible global function definition for ‘span’
renderDims : <local>: no visible global function definition for ‘HTML’
renderDims : <local>: no visible global function definition for ‘h1’
renderDims : <local>: no visible global function definition for ‘h2’
renderDims : <local>: no visible global function definition for ‘h3’
renderDims : <local>: no visible global function definition for ‘h4’
renderDims : <local>: no visible global function definition for ‘h5’
renderDims : <local>: no visible global function definition for ‘h6’
renderDims : <local> : <anonymous>: no visible global function
  definition for ‘div’
renderDims : <local>: no visible global function definition for
  ‘actionLink’
renderDims: no visible binding for global variable ‘glob.env’
renderHighchartDim: no visible global function definition for
  ‘reactiveValues’
renderHighchartDim: no visible global function definition for
  ‘observeEvent’
renderRangeSliderDim: no visible global function definition for
  ‘reactive’
renderRangeSliderDim: no visible global function definition for ‘%>%’
renderSimpleDim: no visible global function definition for
  ‘observeEvent’
sparkRelativeChange : <anonymous>: no visible global function
  definition for ‘coef’
sparkRelativeChange : <anonymous>: no visible global function
  definition for ‘lm’
startObserversData: no visible binding for global variable ‘glob.env’
startObserversData: no visible global function definition for
  ‘observeEvent’
xAxisdatetime: no visible binding for global variable ‘point’
xAxisdatetime: no visible global function definition for
  ‘datetime_to_timestamp’
Undefined global functions or variables:
  %>% HTML actionLink as.data.table coef col2rgb colorRampPalette copy
  data.table datetime_to_timestamp div glob.env h1 h2 h3 h4 h5 h6 head
  level0Label lm observeEvent packageVersion parseQueryString point
  rbindlist reactive reactiveValues read.csv setDT span
Consider adding
  importFrom("grDevices", "col2rgb", "colorRampPalette")
  importFrom("stats", "coef", "lm")
  importFrom("utils", "head", "packageVersion", "read.csv")
to your NAMESPACE file.
Found if() conditions comparing class() to string:
File ‘dwhr/R/client.R’: if (class(handle) != "RODBC") ...
File ‘dwhr/R/dwhr.R’: if ("format" %in% names(x) && !is.function(x$format) && !(class(x$format) == "call")) ...
File ‘dwhr/R/dwhr.R’: if (!checkmate::test_flag(x$visible) && !is.function(x$visible) && !(class(x$visible) == "call")) ...
File ‘dwhr/R/dwhr.R’: if (!checkmate::test_flag(visible) && !is.function(visible) && !(class(visible) == "call")) ...
File ‘dwhr/R/highCharts.R’: if (length(pattern) > 0 && class(pattern) == "character" && pattern == "stripe1") ...
File ‘dwhr/R/highCharts.R’: if (length(pattern) > 0 && class(pattern) == "character" && pattern == "stripe2") ...
File ‘dwhr/R/highCharts.R’: if (class(names(l2)) == "character") ...
File ‘dwhr/R/star.R’: if (class(x) == "function") ...
File ‘dwhr/R/star.R’: if (class(x) == "call") ...
Use inherits() (or maybe is()) instead.
* checking Rd files ... OK
* checking Rd metadata ... OK
* checking Rd line widths ... OK
* checking Rd cross-references ... OK
* checking for missing documentation entries ... WARNING
Undocumented code objects:
  ‘addFormatting’ ‘checkVersion’ ‘clone.star’ ‘dwhrMerge’
  ‘getDimViewPrepData’ ‘getMembers’ ‘getReportName’ ‘getSelectedIds’
  ‘invalidateCache’ ‘isNa’ ‘isNull’ ‘latexEscape’ ‘navigate’ ‘prepDt’
  ‘renderDims’ ‘runExampleDwhr’ ‘setDebug’ ‘sparkRelativeChange’
All user-level objects in a package should have documentation entries.
See chapter ‘Writing R documentation files’ in the ‘Writing R
Extensions’ manual.
* checking for code/documentation mismatches ... OK
* checking Rd \usage sections ... WARNING
Undocumented arguments in Rd file 'addDimView.Rd'
  ‘selectParent’ ‘returnPrepData’ ‘selectedIds’
Undocumented arguments in Rd file 'addMeasure.Rd'
  ‘formatColumn’
Undocumented arguments in Rd file 'addPresentation.Rd'
  ‘highChartsOpts’ ‘rangeOpts’ ‘...’
Documented arguments not in \usage in Rd file 'addPresentation.Rd':
  ‘highChartOpts’
Undocumented arguments in Rd file 'authenticate.Rd'
  ‘session’ ‘sessionTimeout’
Undocumented arguments in Rd file 'getDimUI.Rd'
  ‘bodyStyle’
Undocumented arguments in Rd file 'getFacts.Rd'
  ‘header’
Undocumented arguments in Rd file 'setColumnName.Rd'
  ‘colFrom’ ‘viewColFrom’ ‘colTo’
Undocumented arguments in Rd file 'setSelection.Rd'
  ‘selectChange’
Functions with \usage entries need to have the appropriate \alias
entries, and all their arguments documented.
The \usage entries must correspond to syntactically valid R code.
See chapter ‘Writing R documentation files’ in the ‘Writing R
Extensions’ manual.
* checking Rd contents ... OK
* checking for unstated dependencies in examples ... OK
* checking examples ... NONE
* checking for non-standard things in the check directory ... OK
* checking for detritus in the temp directory ... OK
* DONE

Status: 3 WARNINGs, 1 NOTE
See
  ‘/private/var/folders/vn/f43bj8tx7f9377mx6b6fcv9c0000gn/T/RtmpUSswPF/file55225439f73e/dwhr.Rcheck/00check.log’
for details.
── R CMD check results ───────────────────────────────────────── dwhr 1.6.2 ────
Duration: 21.9s

❯ checking dependencies in R code ... WARNING
  '::' or ':::' imports not declared from:
    ‘RColorBrewer’ ‘htmltools’ ‘htmlwidgets’ ‘jsonlite’
  'library' or 'require' call not declared from: ‘sparkline’
  'library' or 'require' call to ‘sparkline’ in package code.
    Please use :: or requireNamespace() instead.
    See section 'Suggested packages' in the 'Writing R Extensions' manual.
  Namespaces in Imports field not imported from:
    ‘shinyjqui’ ‘sparkline’
    All declared Imports should be used.
  ':::' call which should be '::': ‘htmlwidgets:::getDependency’
    See the note in ?`:::` about the use of this operator.
  Unexported object imported by a ':::' call: ‘shiny:::resolve’
    See the note in ?`:::` about the use of this operator.

❯ checking for missing documentation entries ... WARNING
  Undocumented code objects:
    ‘addFormatting’ ‘checkVersion’ ‘clone.star’ ‘dwhrMerge’
    ‘getDimViewPrepData’ ‘getMembers’ ‘getReportName’ ‘getSelectedIds’
    ‘invalidateCache’ ‘isNa’ ‘isNull’ ‘latexEscape’ ‘navigate’ ‘prepDt’
    ‘renderDims’ ‘runExampleDwhr’ ‘setDebug’ ‘sparkRelativeChange’
  All user-level objects in a package should have documentation entries.
  See chapter ‘Writing R documentation files’ in the ‘Writing R
  Extensions’ manual.

❯ checking Rd \usage sections ... WARNING
  Undocumented arguments in Rd file 'addDimView.Rd'
    ‘selectParent’ ‘returnPrepData’ ‘selectedIds’
  
  Undocumented arguments in Rd file 'addMeasure.Rd'
    ‘formatColumn’
  
  Undocumented arguments in Rd file 'addPresentation.Rd'
    ‘highChartsOpts’ ‘rangeOpts’ ‘...’
  Documented arguments not in \usage in Rd file 'addPresentation.Rd':
    ‘highChartOpts’
  
  Undocumented arguments in Rd file 'authenticate.Rd'
    ‘session’ ‘sessionTimeout’
  
  Undocumented arguments in Rd file 'getDimUI.Rd'
    ‘bodyStyle’
  
  Undocumented arguments in Rd file 'getFacts.Rd'
    ‘header’
  
  Undocumented arguments in Rd file 'setColumnName.Rd'
    ‘colFrom’ ‘viewColFrom’ ‘colTo’
  
  Undocumented arguments in Rd file 'setSelection.Rd'
    ‘selectChange’
  
  Functions with \usage entries need to have the appropriate \alias
  entries, and all their arguments documented.
  The \usage entries must correspond to syntactically valid R code.
  See chapter ‘Writing R documentation files’ in the ‘Writing R
  Extensions’ manual.

❯ checking R code for possible problems ... NOTE
  .setViewColumn: no visible binding for global variable ‘glob.env’
  addDimView: no visible global function definition for ‘head’
  addPresentation: no visible binding for global variable ‘glob.env’
  authenticate: no visible global function definition for ‘observeEvent’
  authenticate: no visible global function definition for
    ‘parseQueryString’
  cacheFind: no visible binding for global variable ‘glob.env’
  checkVersion: no visible global function definition for
    ‘packageVersion’
  dwhrMerge: no visible global function definition for ‘copy’
  dwhrMerge: no visible global function definition for ‘rbindlist’
  getCacheFile: no visible binding for global variable ‘glob.env’
  getColors: no visible global function definition for ‘colorRampPalette’
  getFacts: no visible binding for global variable ‘glob.env’
  getFacts: no visible global function definition for ‘read.csv’
  getMembers: no visible binding for global variable ‘level0Label’
  getMembers: no visible global function definition for ‘data.table’
  getMembers: no visible binding for global variable ‘glob.env’
  getReportName: no visible binding for global variable ‘glob.env’
  getSelected: no visible global function definition for ‘data.table’
  initGlob: no visible global function definition for ‘as.data.table’
  initGlob: no visible global function definition for ‘read.csv’
  initGlob: no visible global function definition for ‘data.table’
  isColor: no visible global function definition for ‘col2rgb’
  makeDtWidget: no visible global function definition for ‘%>%’
  makeHcWidget: no visible global function definition for ‘%>%’
  new.star: no visible global function definition for ‘setDT’
  portalUrl: no visible binding for global variable ‘glob.env’
  prepDt: no visible global function definition for ‘data.table’
  printDebug: no visible binding for global variable ‘glob.env’
  renderDataTableDim: no visible global function definition for
    ‘reactiveValues’
  renderDateRangeDim: no visible global function definition for
    ‘reactive’
  renderDateRangeDim: no visible global function definition for ‘%>%’
  renderDims : <local>: no visible global function definition for ‘span’
  renderDims : <local>: no visible global function definition for ‘HTML’
  renderDims : <local>: no visible global function definition for ‘h1’
  renderDims : <local>: no visible global function definition for ‘h2’
  renderDims : <local>: no visible global function definition for ‘h3’
  renderDims : <local>: no visible global function definition for ‘h4’
  renderDims : <local>: no visible global function definition for ‘h5’
  renderDims : <local>: no visible global function definition for ‘h6’
  renderDims : <local> : <anonymous>: no visible global function
    definition for ‘div’
  renderDims : <local>: no visible global function definition for
    ‘actionLink’
  renderDims: no visible binding for global variable ‘glob.env’
  renderHighchartDim: no visible global function definition for
    ‘reactiveValues’
  renderHighchartDim: no visible global function definition for
    ‘observeEvent’
  renderRangeSliderDim: no visible global function definition for
    ‘reactive’
  renderRangeSliderDim: no visible global function definition for ‘%>%’
  renderSimpleDim: no visible global function definition for
    ‘observeEvent’
  sparkRelativeChange : <anonymous>: no visible global function
    definition for ‘coef’
  sparkRelativeChange : <anonymous>: no visible global function
    definition for ‘lm’
  startObserversData: no visible binding for global variable ‘glob.env’
  startObserversData: no visible global function definition for
    ‘observeEvent’
  xAxisdatetime: no visible binding for global variable ‘point’
  xAxisdatetime: no visible global function definition for
    ‘datetime_to_timestamp’
  Undefined global functions or variables:
    %>% HTML actionLink as.data.table coef col2rgb colorRampPalette copy
    data.table datetime_to_timestamp div glob.env h1 h2 h3 h4 h5 h6 head
    level0Label lm observeEvent packageVersion parseQueryString point
    rbindlist reactive reactiveValues read.csv setDT span
  Consider adding
    importFrom("grDevices", "col2rgb", "colorRampPalette")
    importFrom("stats", "coef", "lm")
    importFrom("utils", "head", "packageVersion", "read.csv")
  to your NAMESPACE file.
  
  Found if() conditions comparing class() to string:
  File ‘dwhr/R/client.R’: if (class(handle) != "RODBC") ...
  File ‘dwhr/R/dwhr.R’: if ("format" %in% names(x) && !is.function(x$format) && !(class(x$format) == "call")) ...
  File ‘dwhr/R/dwhr.R’: if (!checkmate::test_flag(x$visible) && !is.function(x$visible) && !(class(x$visible) == "call")) ...
  File ‘dwhr/R/dwhr.R’: if (!checkmate::test_flag(visible) && !is.function(visible) && !(class(visible) == "call")) ...
  File ‘dwhr/R/highCharts.R’: if (length(pattern) > 0 && class(pattern) == "character" && pattern == "stripe1") ...
  File ‘dwhr/R/highCharts.R’: if (length(pattern) > 0 && class(pattern) == "character" && pattern == "stripe2") ...
  File ‘dwhr/R/highCharts.R’: if (class(names(l2)) == "character") ...
  File ‘dwhr/R/star.R’: if (class(x) == "function") ...
  File ‘dwhr/R/star.R’: if (class(x) == "call") ...
  Use inherits() (or maybe is()) instead.

0 errors ✔ | 3 warnings ✖ | 1 note ✖
